// Jest Snapshot v1, https://goo.gl/fbAQLP

exports[`should render expense list with expenses 1`] = `
<div>
  <h1>
    Expense List
  </h1>
  <ExpenseListItem
    amount={129}
    createdAt={0}
    description="Gum"
    id="1"
    key="1"
    note=""
  />
  <ExpenseListItem
    amount={140000}
    createdAt={345600000}
    description="Rent"
    id="2"
    key="2"
    note=""
  />
  <ExpenseListItem
    amount={30000}
    createdAt={-345600000}
    description="Gas"
    id="3"
    key="3"
    note=""
  />
</div>
`;

exports[`should render expense with empty message 1`] = `
<div>
  <h1>
    Expense List
  </h1>
  <p>
    No expenses to show!
  </p>
</div>
`;
