// Jest Snapshot v1, https://goo.gl/fbAQLP

exports[`should render ExpenseListItem correctly 1`] = `
<div>
  <Link
    replace={false}
    to="edit/2"
  >
    <h3>
      Rent
    </h3>
  </Link>
  <p>
    1 400,00â‚¬
    -
    05/01/1970
  </p>
</div>
`;
