// Jest Snapshot v1, https://goo.gl/fbAQLP

exports[`should render LoginPage correctly 1`] = `
<div>
  <h1>
    Welcome to the Expensify App!
  </h1>
  <h3>
    Please login
  </h3>
  <button
    onClick={[MockFunction]}
  >
    Login
  </button>
</div>
`;
